// Jest Snapshot v1, https://goo.gl/fbAQLP

exports[`GamesList It should mount 1`] = `
<div
  className="MuiBox-root MuiBox-root-1"
>
  <ul
    className="MuiGridList-root"
    style={
      Object {
        "margin": -4,
      }
    }
  />
</div>
`;
